
> angular-app@0.0.0 start
> ng serve

- Generating browser application bundles (phase: setup)...
✔ Browser application bundle generation complete.

Initial Chunk Files   | Names         |  Raw Size
vendor.js             | vendor        |   2.25 MB |
styles.css, styles.js | styles        | 398.05 kB |
main.js               | main          | 255.76 kB |
polyfills.js          | polyfills     | 234.35 kB |
runtime.js            | runtime       |   6.50 kB |

| Initial Total |   3.12 MB

Build at: 2026-02-26T14:07:28.294Z - Hash: 717f1eb24bdfe443 - Time: 11587ms

** Angular Live Development Server is listening on localhost:4200, open your browser on http://localhost:4200/ **


✔ Compiled successfully.
✔ Browser application bundle generation complete.

Initial Chunk Files | Names   |  Raw Size
main.js             | main    | 256.44 kB |
runtime.js          | runtime |   6.50 kB |

3 unchanged chunks

Build at: 2026-02-26T14:08:50.120Z - Hash: dbd3b79ab37783d4 - Time: 5844ms

✔ Compiled successfully.
✔ Browser application bundle generation complete.

Initial Chunk Files | Names   |  Raw Size
main.js             | main    | 256.52 kB |
runtime.js          | runtime |   6.50 kB |

3 unchanged chunks

Build at: 2026-02-26T14:09:57.751Z - Hash: 844ad90e90946ede - Time: 970ms

✔ Compiled successfully.
✔ Browser application bundle generation complete.

Initial Chunk Files | Names   |  Raw Size
main.js             | main    | 264.82 kB |
runtime.js          | runtime |   6.50 kB |

3 unchanged chunks

Build at: 2026-02-26T14:10:12.369Z - Hash: e15b39495a05f681 - Time: 454ms

✔ Compiled successfully.
