
> angular-app@0.0.0 start
> ng serve

- Generating browser application bundles (phase: setup)...
✔ Browser application bundle generation complete.

Initial Chunk Files   | Names         |  Raw Size
vendor.js             | vendor        |   2.25 MB |
styles.css, styles.js | styles        | 398.05 kB |
main.js               | main          | 294.05 kB |
polyfills.js          | polyfills     | 234.35 kB |
runtime.js            | runtime       |   6.50 kB |

| Initial Total |   3.16 MB

Build at: 2026-02-26T14:59:42.011Z - Hash: e05e4cc4a0e8ee0d - Time: 12548ms

** Angular Live Development Server is listening on localhost:4200, open your browser on http://localhost:4200/ **


✔ Compiled successfully.
✔ Browser application bundle generation complete.

Initial Chunk Files | Names   |  Raw Size
main.js             | main    | 294.24 kB |
runtime.js          | runtime |   6.50 kB |

3 unchanged chunks

Build at: 2026-02-26T15:00:58.392Z - Hash: 87565a24cdaef382 - Time: 3079ms

✔ Compiled successfully.
✔ Browser application bundle generation complete.

Initial Chunk Files | Names   |  Raw Size
main.js             | main    | 294.92 kB |
runtime.js          | runtime |   6.50 kB |

3 unchanged chunks

Build at: 2026-02-26T15:01:29.748Z - Hash: 5178cdc1cfd19f4c - Time: 986ms

✔ Compiled successfully.
✔ Browser application bundle generation complete.

Initial Chunk Files | Names   |  Raw Size
main.js             | main    | 294.91 kB |
runtime.js          | runtime |   6.50 kB |

3 unchanged chunks

Build at: 2026-02-26T15:01:33.718Z - Hash: 521a5f631759cfeb - Time: 411ms

✔ Compiled successfully.
